Archive member included because of file (symbol)

d:/amit_course/masters/drive/sdk_win_64/winavr/bin/../lib/gcc/avr/4.3.3/avr5\libgcc.a(_udivmodqi4.o)
                              ./App/main.o (__udivmodqi4)
d:/amit_course/masters/drive/sdk_win_64/winavr/bin/../lib/gcc/avr/4.3.3/avr5\libgcc.a(_udivmodhi4.o)
                              ./App/main.o (__udivmodhi4)
d:/amit_course/masters/drive/sdk_win_64/winavr/bin/../lib/gcc/avr/4.3.3/avr5\libgcc.a(_divmodhi4.o)
                              ./HAL/SevSeg/SevSeg_prog.o (__divmodhi4)
d:/amit_course/masters/drive/sdk_win_64/winavr/bin/../lib/gcc/avr/4.3.3/avr5\libgcc.a(_udivmodsi4.o)
                              ./TMU/TMU_prog.o (__udivmodsi4)
d:/amit_course/masters/drive/sdk_win_64/winavr/bin/../lib/gcc/avr/4.3.3/avr5\libgcc.a(_exit.o)
                              d:/amit_course/masters/drive/sdk_win_64/winavr/bin/../lib/gcc/avr/4.3.3/../../../../avr/lib/avr5/crtm32.o (exit)
d:/amit_course/masters/drive/sdk_win_64/winavr/bin/../lib/gcc/avr/4.3.3/avr5\libgcc.a(_copy_data.o)
                              ./MCAL/TIMER/TIMER_config.o (__do_copy_data)
d:/amit_course/masters/drive/sdk_win_64/winavr/bin/../lib/gcc/avr/4.3.3/avr5\libgcc.a(_clear_bss.o)
                              ./TMU/TMU_prog.o (__do_clear_bss)
d:/amit_course/masters/drive/sdk_win_64/winavr/bin/../lib/gcc/avr/4.3.3/avr5\libgcc.a(_fixunssfsi.o)
                              ./MCAL/PWM/PWM_prog.o (__fixunssfsi)
d:/amit_course/masters/drive/sdk_win_64/winavr/bin/../lib/gcc/avr/4.3.3/avr5\libgcc.a(_addsub_sf.o)
                              ./MCAL/PWM/PWM_prog.o (__subsf3)
d:/amit_course/masters/drive/sdk_win_64/winavr/bin/../lib/gcc/avr/4.3.3/avr5\libgcc.a(_mul_sf.o)
                              ./MCAL/PWM/PWM_prog.o (__mulsf3)
d:/amit_course/masters/drive/sdk_win_64/winavr/bin/../lib/gcc/avr/4.3.3/avr5\libgcc.a(_div_sf.o)
                              ./MCAL/PWM/PWM_prog.o (__divsf3)
d:/amit_course/masters/drive/sdk_win_64/winavr/bin/../lib/gcc/avr/4.3.3/avr5\libgcc.a(_eq_sf.o)
                              ./MCAL/PWM/PWM_prog.o (__eqsf2)
d:/amit_course/masters/drive/sdk_win_64/winavr/bin/../lib/gcc/avr/4.3.3/avr5\libgcc.a(_ne_sf.o)
                              ./App/main.o (__nesf2)
d:/amit_course/masters/drive/sdk_win_64/winavr/bin/../lib/gcc/avr/4.3.3/avr5\libgcc.a(_gt_sf.o)
                              ./App/main.o (__gtsf2)
d:/amit_course/masters/drive/sdk_win_64/winavr/bin/../lib/gcc/avr/4.3.3/avr5\libgcc.a(_ge_sf.o)
                              d:/amit_course/masters/drive/sdk_win_64/winavr/bin/../lib/gcc/avr/4.3.3/avr5\libgcc.a(_fixunssfsi.o) (__gesf2)
d:/amit_course/masters/drive/sdk_win_64/winavr/bin/../lib/gcc/avr/4.3.3/avr5\libgcc.a(_lt_sf.o)
                              ./App/main.o (__ltsf2)
d:/amit_course/masters/drive/sdk_win_64/winavr/bin/../lib/gcc/avr/4.3.3/avr5\libgcc.a(_le_sf.o)
                              ./App/main.o (__lesf2)
d:/amit_course/masters/drive/sdk_win_64/winavr/bin/../lib/gcc/avr/4.3.3/avr5\libgcc.a(_si_to_sf.o)
                              ./App/main.o (__floatsisf)
d:/amit_course/masters/drive/sdk_win_64/winavr/bin/../lib/gcc/avr/4.3.3/avr5\libgcc.a(_sf_to_si.o)
                              d:/amit_course/masters/drive/sdk_win_64/winavr/bin/../lib/gcc/avr/4.3.3/avr5\libgcc.a(_fixunssfsi.o) (__fixsfsi)
d:/amit_course/masters/drive/sdk_win_64/winavr/bin/../lib/gcc/avr/4.3.3/avr5\libgcc.a(_thenan_sf.o)
                              d:/amit_course/masters/drive/sdk_win_64/winavr/bin/../lib/gcc/avr/4.3.3/avr5\libgcc.a(_addsub_sf.o) (__thenan_sf)
d:/amit_course/masters/drive/sdk_win_64/winavr/bin/../lib/gcc/avr/4.3.3/avr5\libgcc.a(_usi_to_sf.o)
                              ./MCAL/PWM/PWM_prog.o (__floatunsisf)
d:/amit_course/masters/drive/sdk_win_64/winavr/bin/../lib/gcc/avr/4.3.3/avr5\libgcc.a(_prologue.o)
                              d:/amit_course/masters/drive/sdk_win_64/winavr/bin/../lib/gcc/avr/4.3.3/avr5\libgcc.a(_addsub_sf.o) (__prologue_saves__)
d:/amit_course/masters/drive/sdk_win_64/winavr/bin/../lib/gcc/avr/4.3.3/avr5\libgcc.a(_epilogue.o)
                              d:/amit_course/masters/drive/sdk_win_64/winavr/bin/../lib/gcc/avr/4.3.3/avr5\libgcc.a(_addsub_sf.o) (__epilogue_restores__)
d:/amit_course/masters/drive/sdk_win_64/winavr/bin/../lib/gcc/avr/4.3.3/avr5\libgcc.a(_clzsi2.o)
                              d:/amit_course/masters/drive/sdk_win_64/winavr/bin/../lib/gcc/avr/4.3.3/avr5\libgcc.a(_si_to_sf.o) (__clzsi2)
d:/amit_course/masters/drive/sdk_win_64/winavr/bin/../lib/gcc/avr/4.3.3/avr5\libgcc.a(_pack_sf.o)
                              d:/amit_course/masters/drive/sdk_win_64/winavr/bin/../lib/gcc/avr/4.3.3/avr5\libgcc.a(_addsub_sf.o) (__pack_f)
d:/amit_course/masters/drive/sdk_win_64/winavr/bin/../lib/gcc/avr/4.3.3/avr5\libgcc.a(_unpack_sf.o)
                              d:/amit_course/masters/drive/sdk_win_64/winavr/bin/../lib/gcc/avr/4.3.3/avr5\libgcc.a(_addsub_sf.o) (__unpack_f)
d:/amit_course/masters/drive/sdk_win_64/winavr/bin/../lib/gcc/avr/4.3.3/avr5\libgcc.a(_fpcmp_parts_sf.o)
                              d:/amit_course/masters/drive/sdk_win_64/winavr/bin/../lib/gcc/avr/4.3.3/avr5\libgcc.a(_eq_sf.o) (__fpcmp_parts_f)
d:/amit_course/masters/drive/sdk_win_64/winavr/bin/../lib/gcc/avr/4.3.3/avr5\libgcc.a(_clz.o)
                              d:/amit_course/masters/drive/sdk_win_64/winavr/bin/../lib/gcc/avr/4.3.3/avr5\libgcc.a(_clzsi2.o) (__clz_tab)

Allocating common symbols
Common symbol       size              file

Global_u8TempSetValue
                    0x1               ./App/main.o
Global_s8TempError  0x1               ./App/main.o
Global_u8SetupSw    0x1               ./App/main.o

Memory Configuration

Name             Origin             Length             Attributes
text             0x00000000         0x00020000         xr
data             0x00800060         0x0000ffa0         rw !x
eeprom           0x00810000         0x00010000         rw !x
fuse             0x00820000         0x00000400         rw !x
lock             0x00830000         0x00000400         rw !x
signature        0x00840000         0x00000400         rw !x
*default*        0x00000000         0xffffffff

Linker script and memory map

LOAD d:/amit_course/masters/drive/sdk_win_64/winavr/bin/../lib/gcc/avr/4.3.3/../../../../avr/lib/avr5/crtm32.o
LOAD ./TMU/TMU_prog.o
LOAD ./MCAL/TIMER/TIMER_config.o
LOAD ./MCAL/TIMER/TIMER_prog.o
LOAD ./MCAL/PWM/PWM_config.o
LOAD ./MCAL/PWM/PWM_prog.o
LOAD ./MCAL/EXTI/EXTI_config.o
LOAD ./MCAL/EXTI/EXTI_prog.o
LOAD ./MCAL/EEPROM/EEPROM_prog.o
LOAD ./MCAL/DIO/DIO_prog.o
LOAD ./MCAL/ADC/ADC_porg.o
LOAD ./HAL/Switch/Switch_config.o
LOAD ./HAL/Switch/Switch_prog.o
LOAD ./HAL/SevSeg/SevSeg_config.o
LOAD ./HAL/SevSeg/SevSeg_prog.o
LOAD ./HAL/LD/LD_config.o
LOAD ./HAL/LD/LD_prog.o
LOAD ./App/main.o
LOAD d:/amit_course/masters/drive/sdk_win_64/winavr/bin/../lib/gcc/avr/4.3.3/avr5\libgcc.a
LOAD d:/amit_course/masters/drive/sdk_win_64/winavr/bin/../lib/gcc/avr/4.3.3/../../../../avr/lib/avr5\libc.a
LOAD d:/amit_course/masters/drive/sdk_win_64/winavr/bin/../lib/gcc/avr/4.3.3/avr5\libgcc.a

.hash
 *(.hash)

.dynsym
 *(.dynsym)

.dynstr
 *(.dynstr)

.gnu.version
 *(.gnu.version)

.gnu.version_d
 *(.gnu.version_d)

.gnu.version_r
 *(.gnu.version_r)

.rel.init
 *(.rel.init)

.rela.init
 *(.rela.init)

.rel.text
 *(.rel.text)
 *(.rel.text.*)
 *(.rel.gnu.linkonce.t*)

.rela.text
 *(.rela.text)
 *(.rela.text.*)
 *(.rela.gnu.linkonce.t*)

.rel.fini
 *(.rel.fini)

.rela.fini
 *(.rela.fini)

.rel.rodata
 *(.rel.rodata)
 *(.rel.rodata.*)
 *(.rel.gnu.linkonce.r*)

.rela.rodata
 *(.rela.rodata)
 *(.rela.rodata.*)
 *(.rela.gnu.linkonce.r*)

.rel.data
 *(.rel.data)
 *(.rel.data.*)
 *(.rel.gnu.linkonce.d*)

.rela.data
 *(.rela.data)
 *(.rela.data.*)
 *(.rela.gnu.linkonce.d*)

.rel.ctors
 *(.rel.ctors)

.rela.ctors
 *(.rela.ctors)

.rel.dtors
 *(.rel.dtors)

.rela.dtors
 *(.rela.dtors)

.rel.got
 *(.rel.got)

.rela.got
 *(.rela.got)

.rel.bss
 *(.rel.bss)

.rela.bss
 *(.rela.bss)

.rel.plt
 *(.rel.plt)

.rela.plt
 *(.rela.plt)

.text           0x00000000     0x6a5c
 *(.vectors)
 .vectors       0x00000000       0x54 d:/amit_course/masters/drive/sdk_win_64/winavr/bin/../lib/gcc/avr/4.3.3/../../../../avr/lib/avr5/crtm32.o
                0x00000000                __vectors
                0x00000000                __vector_default
 *(.vectors)
 *(.progmem.gcc*)
 *(.progmem*)
                0x00000054                . = ALIGN (0x2)
                0x00000054                __trampolines_start = .
 *(.trampolines)
 .trampolines   0x00000054        0x0 linker stubs
 *(.trampolines*)
                0x00000054                __trampolines_end = .
 *(.jumptables)
 *(.jumptables*)
 *(.lowtext)
 *(.lowtext*)
                0x00000054                __ctors_start = .
 *(.ctors)
                0x00000054                __ctors_end = .
                0x00000054                __dtors_start = .
 *(.dtors)
                0x00000054                __dtors_end = .
 SORT(*)(.ctors)
 SORT(*)(.dtors)
 *(.init0)
 .init0         0x00000054        0x0 d:/amit_course/masters/drive/sdk_win_64/winavr/bin/../lib/gcc/avr/4.3.3/../../../../avr/lib/avr5/crtm32.o
                0x00000054                __init
 *(.init0)
 *(.init1)
 *(.init1)
 *(.init2)
 .init2         0x00000054        0xc d:/amit_course/masters/drive/sdk_win_64/winavr/bin/../lib/gcc/avr/4.3.3/../../../../avr/lib/avr5/crtm32.o
 *(.init2)
 *(.init3)
 *(.init3)
 *(.init4)
 .init4         0x00000060       0x16 d:/amit_course/masters/drive/sdk_win_64/winavr/bin/../lib/gcc/avr/4.3.3/avr5\libgcc.a(_copy_data.o)
                0x00000060                __do_copy_data
 .init4         0x00000076       0x10 d:/amit_course/masters/drive/sdk_win_64/winavr/bin/../lib/gcc/avr/4.3.3/avr5\libgcc.a(_clear_bss.o)
                0x00000076                __do_clear_bss
 *(.init4)
 *(.init5)
 *(.init5)
 *(.init6)
 *(.init6)
 *(.init7)
 *(.init7)
 *(.init8)
 *(.init8)
 *(.init9)
 .init9         0x00000086        0x8 d:/amit_course/masters/drive/sdk_win_64/winavr/bin/../lib/gcc/avr/4.3.3/../../../../avr/lib/avr5/crtm32.o
 *(.init9)
 *(.text)
 .text          0x0000008e        0x4 d:/amit_course/masters/drive/sdk_win_64/winavr/bin/../lib/gcc/avr/4.3.3/../../../../avr/lib/avr5/crtm32.o
                0x0000008e                __vector_12
                0x0000008e                __bad_interrupt
                0x0000008e                __vector_6
                0x0000008e                __vector_13
                0x0000008e                __vector_17
                0x0000008e                __vector_19
                0x0000008e                __vector_15
                0x0000008e                __vector_14
                0x0000008e                __vector_18
                0x0000008e                __vector_20
 .text          0x00000092        0x0 ./TMU/TMU_prog.o
 .text          0x00000092        0x0 ./MCAL/TIMER/TIMER_config.o
 .text          0x00000092        0x0 ./MCAL/TIMER/TIMER_prog.o
 .text          0x00000092        0x0 ./MCAL/PWM/PWM_config.o
 .text          0x00000092        0x0 ./MCAL/PWM/PWM_prog.o
 .text          0x00000092        0x0 ./MCAL/EXTI/EXTI_config.o
 .text          0x00000092        0x0 ./MCAL/EXTI/EXTI_prog.o
 .text          0x00000092        0x0 ./MCAL/EEPROM/EEPROM_prog.o
 .text          0x00000092        0x0 ./MCAL/DIO/DIO_prog.o
 .text          0x00000092        0x0 ./MCAL/ADC/ADC_porg.o
 .text          0x00000092        0x0 ./HAL/Switch/Switch_config.o
 .text          0x00000092        0x0 ./HAL/Switch/Switch_prog.o
 .text          0x00000092        0x0 ./HAL/SevSeg/SevSeg_config.o
 .text          0x00000092        0x0 ./HAL/SevSeg/SevSeg_prog.o
 .text          0x00000092        0x0 ./HAL/LD/LD_config.o
 .text          0x00000092        0x0 ./HAL/LD/LD_prog.o
 .text          0x00000092        0x0 ./App/main.o
 .text          0x00000092        0x0 d:/amit_course/masters/drive/sdk_win_64/winavr/bin/../lib/gcc/avr/4.3.3/avr5\libgcc.a(_udivmodqi4.o)
 .text          0x00000092        0x0 d:/amit_course/masters/drive/sdk_win_64/winavr/bin/../lib/gcc/avr/4.3.3/avr5\libgcc.a(_udivmodhi4.o)
 .text          0x00000092        0x0 d:/amit_course/masters/drive/sdk_win_64/winavr/bin/../lib/gcc/avr/4.3.3/avr5\libgcc.a(_divmodhi4.o)
 .text          0x00000092        0x0 d:/amit_course/masters/drive/sdk_win_64/winavr/bin/../lib/gcc/avr/4.3.3/avr5\libgcc.a(_udivmodsi4.o)
 .text          0x00000092        0x0 d:/amit_course/masters/drive/sdk_win_64/winavr/bin/../lib/gcc/avr/4.3.3/avr5\libgcc.a(_exit.o)
 .text          0x00000092        0x0 d:/amit_course/masters/drive/sdk_win_64/winavr/bin/../lib/gcc/avr/4.3.3/avr5\libgcc.a(_copy_data.o)
 .text          0x00000092        0x0 d:/amit_course/masters/drive/sdk_win_64/winavr/bin/../lib/gcc/avr/4.3.3/avr5\libgcc.a(_clear_bss.o)
 .text          0x00000092       0x58 d:/amit_course/masters/drive/sdk_win_64/winavr/bin/../lib/gcc/avr/4.3.3/avr5\libgcc.a(_fixunssfsi.o)
                0x00000092                __fixunssfsi
 .text          0x000000ea      0x354 d:/amit_course/masters/drive/sdk_win_64/winavr/bin/../lib/gcc/avr/4.3.3/avr5\libgcc.a(_addsub_sf.o)
                0x00000382                __subsf3
                0x000003e4                __addsf3
 .text          0x0000043e      0x1f4 d:/amit_course/masters/drive/sdk_win_64/winavr/bin/../lib/gcc/avr/4.3.3/avr5\libgcc.a(_mul_sf.o)
                0x0000043e                __mulsf3
 .text          0x00000632      0x158 d:/amit_course/masters/drive/sdk_win_64/winavr/bin/../lib/gcc/avr/4.3.3/avr5\libgcc.a(_div_sf.o)
                0x00000632                __divsf3
 .text          0x0000078a       0x60 d:/amit_course/masters/drive/sdk_win_64/winavr/bin/../lib/gcc/avr/4.3.3/avr5\libgcc.a(_eq_sf.o)
                0x0000078a                __eqsf2
 .text          0x000007ea       0x60 d:/amit_course/masters/drive/sdk_win_64/winavr/bin/../lib/gcc/avr/4.3.3/avr5\libgcc.a(_ne_sf.o)
                0x000007ea                __nesf2
 .text          0x0000084a       0x60 d:/amit_course/masters/drive/sdk_win_64/winavr/bin/../lib/gcc/avr/4.3.3/avr5\libgcc.a(_gt_sf.o)
                0x0000084a                __gtsf2
 .text          0x000008aa       0x60 d:/amit_course/masters/drive/sdk_win_64/winavr/bin/../lib/gcc/avr/4.3.3/avr5\libgcc.a(_ge_sf.o)
                0x000008aa                __gesf2
 .text          0x0000090a       0x60 d:/amit_course/masters/drive/sdk_win_64/winavr/bin/../lib/gcc/avr/4.3.3/avr5\libgcc.a(_lt_sf.o)
                0x0000090a                __ltsf2
 .text          0x0000096a       0x60 d:/amit_course/masters/drive/sdk_win_64/winavr/bin/../lib/gcc/avr/4.3.3/avr5\libgcc.a(_le_sf.o)
                0x0000096a                __lesf2
 .text          0x000009ca       0xbc d:/amit_course/masters/drive/sdk_win_64/winavr/bin/../lib/gcc/avr/4.3.3/avr5\libgcc.a(_si_to_sf.o)
                0x000009ca                __floatsisf
 .text          0x00000a86       0xa8 d:/amit_course/masters/drive/sdk_win_64/winavr/bin/../lib/gcc/avr/4.3.3/avr5\libgcc.a(_sf_to_si.o)
                0x00000a86                __fixsfsi
 .text          0x00000b2e        0x0 d:/amit_course/masters/drive/sdk_win_64/winavr/bin/../lib/gcc/avr/4.3.3/avr5\libgcc.a(_thenan_sf.o)
 .text          0x00000b2e       0xf2 d:/amit_course/masters/drive/sdk_win_64/winavr/bin/../lib/gcc/avr/4.3.3/avr5\libgcc.a(_usi_to_sf.o)
                0x00000b2e                __floatunsisf
 .text          0x00000c20        0x0 d:/amit_course/masters/drive/sdk_win_64/winavr/bin/../lib/gcc/avr/4.3.3/avr5\libgcc.a(_prologue.o)
 .text          0x00000c20        0x0 d:/amit_course/masters/drive/sdk_win_64/winavr/bin/../lib/gcc/avr/4.3.3/avr5\libgcc.a(_epilogue.o)
 .text          0x00000c20       0x9e d:/amit_course/masters/drive/sdk_win_64/winavr/bin/../lib/gcc/avr/4.3.3/avr5\libgcc.a(_clzsi2.o)
                0x00000c20                __clzsi2
 .text          0x00000cbe      0x1aa d:/amit_course/masters/drive/sdk_win_64/winavr/bin/../lib/gcc/avr/4.3.3/avr5\libgcc.a(_pack_sf.o)
                0x00000cbe                __pack_f
 .text          0x00000e68       0xf0 d:/amit_course/masters/drive/sdk_win_64/winavr/bin/../lib/gcc/avr/4.3.3/avr5\libgcc.a(_unpack_sf.o)
                0x00000e68                __unpack_f
 .text          0x00000f58       0xb2 d:/amit_course/masters/drive/sdk_win_64/winavr/bin/../lib/gcc/avr/4.3.3/avr5\libgcc.a(_fpcmp_parts_sf.o)
                0x00000f58                __fpcmp_parts_f
 .text          0x0000100a        0x0 d:/amit_course/masters/drive/sdk_win_64/winavr/bin/../lib/gcc/avr/4.3.3/avr5\libgcc.a(_clz.o)
                0x0000100a                . = ALIGN (0x2)
 *(.text.*)
 .text.TMU_vidInit
                0x0000100a       0x54 ./TMU/TMU_prog.o
                0x0000100a                TMU_vidInit
 .text.TMU_vidCreateTask
                0x0000105e       0xf2 ./TMU/TMU_prog.o
                0x0000105e                TMU_vidCreateTask
 .text.TMU_vidStartScheduler
                0x00001150      0x16c ./TMU/TMU_prog.o
                0x00001150                TMU_vidStartScheduler
 .text.TMU_vidDeleteTask
                0x000012bc       0x52 ./TMU/TMU_prog.o
                0x000012bc                TMU_vidDeleteTask
 .text.TMU_vidPauseTask
                0x0000130e       0x36 ./TMU/TMU_prog.o
                0x0000130e                TMU_vidPauseTask
 .text.TMU_vidResumeTask
                0x00001344       0x36 ./TMU/TMU_prog.o
                0x00001344                TMU_vidResumeTask
 .text.TMU_vid_OCIE0_ISR
                0x0000137a       0x4e ./TMU/TMU_prog.o
                0x0000137a                TMU_vid_OCIE0_ISR
 .text.TMU_vid_TOIE0_ISR
                0x000013c8       0x58 ./TMU/TMU_prog.o
                0x000013c8                TMU_vid_TOIE0_ISR
 .text.Timer_enuInit
                0x00001420      0x32e ./MCAL/TIMER/TIMER_prog.o
                0x00001420                Timer_enuInit
 .text.Timer_u32TimerClock
                0x0000174e      0x282 ./MCAL/TIMER/TIMER_prog.o
 .text.Timer_enuSetClkPrescaler
                0x000019d0      0x10a ./MCAL/TIMER/TIMER_prog.o
                0x000019d0                Timer_enuSetClkPrescaler
 .text.Timer_enuSetOCn_Mode
                0x00001ada       0xda ./MCAL/TIMER/TIMER_prog.o
                0x00001ada                Timer_enuSetOCn_Mode
 .text.Timer_enuSetTimer_Mode
                0x00001bb4      0x14c ./MCAL/TIMER/TIMER_prog.o
                0x00001bb4                Timer_enuSetTimer_Mode
 .text.Timer_enuReset
                0x00001d00       0x62 ./MCAL/TIMER/TIMER_prog.o
                0x00001d00                Timer_enuReset
 .text.Timer_enuPreLoad
                0x00001d62       0x56 ./MCAL/TIMER/TIMER_prog.o
                0x00001d62                Timer_enuPreLoad
 .text.Timer_enuReadCounterValue
                0x00001db8       0x72 ./MCAL/TIMER/TIMER_prog.o
                0x00001db8                Timer_enuReadCounterValue
 .text.Timer_enuSetOCRnValue
                0x00001e2a       0x7e ./MCAL/TIMER/TIMER_prog.o
                0x00001e2a                Timer_enuSetOCRnValue
 .text.Timer_enuReadOCRnValue
                0x00001ea8       0x60 ./MCAL/TIMER/TIMER_prog.o
                0x00001ea8                Timer_enuReadOCRnValue
 .text.Timer_enuInterruptEnable
                0x00001f08       0xbc ./MCAL/TIMER/TIMER_prog.o
                0x00001f08                Timer_enuInterruptEnable
 .text.Timer_enuInterruptDisable
                0x00001fc4       0xcc ./MCAL/TIMER/TIMER_prog.o
                0x00001fc4                Timer_enuInterruptDisable
 .text.Timer_enuCallBack
                0x00002090       0x86 ./MCAL/TIMER/TIMER_prog.o
                0x00002090                Timer_enuCallBack
 .text.__vector_4
                0x00002116       0x66 ./MCAL/TIMER/TIMER_prog.o
                0x00002116                __vector_4
 .text.__vector_5
                0x0000217c       0x66 ./MCAL/TIMER/TIMER_prog.o
                0x0000217c                __vector_5
 .text.__vector_10
                0x000021e2       0x66 ./MCAL/TIMER/TIMER_prog.o
                0x000021e2                __vector_10
 .text.__vector_11
                0x00002248       0x66 ./MCAL/TIMER/TIMER_prog.o
                0x00002248                __vector_11
 .text.PWM_enuInit
                0x000022ae      0x3c2 ./MCAL/PWM/PWM_prog.o
                0x000022ae                PWM_enuInit
 .text.PWM_u32TimerClock
                0x00002670      0x1c0 ./MCAL/PWM/PWM_prog.o
 .text.PWM_enuSetClkPrescaler
                0x00002830       0xc4 ./MCAL/PWM/PWM_prog.o
                0x00002830                PWM_enuSetClkPrescaler
 .text.PWM_enuSetCOM_Mode
                0x000028f4       0xf4 ./MCAL/PWM/PWM_prog.o
                0x000028f4                PWM_enuSetCOM_Mode
 .text.PWM_enuSetWGM_Mode
                0x000029e8      0x118 ./MCAL/PWM/PWM_prog.o
                0x000029e8                PWM_enuSetWGM_Mode
 .text.PWM_enuSetOCRnValue
                0x00002b00       0xe0 ./MCAL/PWM/PWM_prog.o
                0x00002b00                PWM_enuSetOCRnValue
 .text.PWM_enuSetICR1Value
                0x00002be0       0x52 ./MCAL/PWM/PWM_prog.o
                0x00002be0                PWM_enuSetICR1Value
 .text.PWM_enuSetInterruptMode
                0x00002c32      0x13a ./MCAL/PWM/PWM_prog.o
                0x00002c32                PWM_enuSetInterruptMode
 .text.PWM_enuGetInterruptMode
                0x00002d6c       0xa2 ./MCAL/PWM/PWM_prog.o
                0x00002d6c                PWM_enuGetInterruptMode
 .text.PWM_enuSetDutyCycle
                0x00002e0e      0xf2c ./MCAL/PWM/PWM_prog.o
                0x00002e0e                PWM_enuSetDutyCycle
 .text.PWM_enuInterruptEnable
                0x00003d3a       0x94 ./MCAL/PWM/PWM_prog.o
                0x00003d3a                PWM_enuInterruptEnable
 .text.PWM_enuInterruptDisable
                0x00003dce       0x94 ./MCAL/PWM/PWM_prog.o
                0x00003dce                PWM_enuInterruptDisable
 .text.PWM_enuCallBack
                0x00003e62       0x98 ./MCAL/PWM/PWM_prog.o
                0x00003e62                PWM_enuCallBack
 .text.__vector_7
                0x00003efa       0x66 ./MCAL/PWM/PWM_prog.o
                0x00003efa                __vector_7
 .text.__vector_8
                0x00003f60       0x66 ./MCAL/PWM/PWM_prog.o
                0x00003f60                __vector_8
 .text.__vector_9
                0x00003fc6       0x66 ./MCAL/PWM/PWM_prog.o
                0x00003fc6                __vector_9
 .text.EXTI_enuInit
                0x0000402c      0x36a ./MCAL/EXTI/EXTI_prog.o
                0x0000402c                EXTI_enuInit
 .text.EXTI_enuEnableInterrupt
                0x00004396       0x6a ./MCAL/EXTI/EXTI_prog.o
                0x00004396                EXTI_enuEnableInterrupt
 .text.EXTI_enuDisableInterrupt
                0x00004400       0x6a ./MCAL/EXTI/EXTI_prog.o
                0x00004400                EXTI_enuDisableInterrupt
 .text.EXTI_enuSetSenseLevel
                0x0000446a      0x1a4 ./MCAL/EXTI/EXTI_prog.o
                0x0000446a                EXTI_enuSetSenseLevel
 .text.__vector_1
                0x0000460e       0x66 ./MCAL/EXTI/EXTI_prog.o
                0x0000460e                __vector_1
 .text.__vector_2
                0x00004674       0x66 ./MCAL/EXTI/EXTI_prog.o
                0x00004674                __vector_2
 .text.__vector_3
                0x000046da       0x66 ./MCAL/EXTI/EXTI_prog.o
                0x000046da                __vector_3
 .text.EXTI_enuCallBack
                0x00004740       0x54 ./MCAL/EXTI/EXTI_prog.o
                0x00004740                EXTI_enuCallBack
 .text.EEPROM_enuWriteByte
                0x00004794       0x7c ./MCAL/EEPROM/EEPROM_prog.o
                0x00004794                EEPROM_enuWriteByte
 .text.EEPROM_enuReadByte
                0x00004810       0x74 ./MCAL/EEPROM/EEPROM_prog.o
                0x00004810                EEPROM_enuReadByte
 .text.DIO_enuInit
                0x00004884       0x10 ./MCAL/DIO/DIO_prog.o
                0x00004884                DIO_enuInit
 .text.DIO_enuSetPinDirection
                0x00004894      0x19e ./MCAL/DIO/DIO_prog.o
                0x00004894                DIO_enuSetPinDirection
 .text.DIO_enuSetPinValue
                0x00004a32      0x1a4 ./MCAL/DIO/DIO_prog.o
                0x00004a32                DIO_enuSetPinValue
 .text.DIO_enuTogglePinValue
                0x00004bd6      0x11e ./MCAL/DIO/DIO_prog.o
                0x00004bd6                DIO_enuTogglePinValue
 .text.DIO_enuGetPinValue
                0x00004cf4      0x13c ./MCAL/DIO/DIO_prog.o
                0x00004cf4                DIO_enuGetPinValue
 .text.ADC_enuInit
                0x00004e30       0x94 ./MCAL/ADC/ADC_porg.o
                0x00004e30                ADC_enuInit
 .text.ADC_enuSetPreScalar
                0x00004ec4       0x52 ./MCAL/ADC/ADC_porg.o
                0x00004ec4                ADC_enuSetPreScalar
 .text.ADC_enuSetRefVolt
                0x00004f16       0x6a ./MCAL/ADC/ADC_porg.o
                0x00004f16                ADC_enuSetRefVolt
 .text.ADC_enuSelectChannel
                0x00004f80       0x52 ./MCAL/ADC/ADC_porg.o
                0x00004f80                ADC_enuSelectChannel
 .text.ADC_enuStartConversion
                0x00004fd2       0x12 ./MCAL/ADC/ADC_porg.o
                0x00004fd2                ADC_enuStartConversion
 .text.ADC_enuEnableAutoTrigger
                0x00004fe4       0x56 ./MCAL/ADC/ADC_porg.o
                0x00004fe4                ADC_enuEnableAutoTrigger
 .text.ADC_enuDisableAutoTrigger
                0x0000503a       0x12 ./MCAL/ADC/ADC_porg.o
                0x0000503a                ADC_enuDisableAutoTrigger
 .text.ADC_enuRead
                0x0000504c       0x66 ./MCAL/ADC/ADC_porg.o
                0x0000504c                ADC_enuRead
 .text.ADC_enuReadHigh
                0x000050b2       0x6e ./MCAL/ADC/ADC_porg.o
                0x000050b2                ADC_enuReadHigh
 .text.ADC_enuPollingRead
                0x00005120       0x7e ./MCAL/ADC/ADC_porg.o
                0x00005120                ADC_enuPollingRead
 .text.ADC_enuPollingReadHigh
                0x0000519e       0x9a ./MCAL/ADC/ADC_porg.o
                0x0000519e                ADC_enuPollingReadHigh
 .text.ADC_enuCallBack
                0x00005238       0x3e ./MCAL/ADC/ADC_porg.o
                0x00005238                ADC_enuCallBack
 .text.ADC_enuEnable
                0x00005276       0x12 ./MCAL/ADC/ADC_porg.o
                0x00005276                ADC_enuEnable
 .text.ADC_enuDisable
                0x00005288       0x12 ./MCAL/ADC/ADC_porg.o
                0x00005288                ADC_enuDisable
 .text.ADC_enuEnableInterrupt
                0x0000529a       0x12 ./MCAL/ADC/ADC_porg.o
                0x0000529a                ADC_enuEnableInterrupt
 .text.ADC_enuDisableInterrupt
                0x000052ac       0x12 ./MCAL/ADC/ADC_porg.o
                0x000052ac                ADC_enuDisableInterrupt
 .text.__vector_16
                0x000052be       0x66 ./MCAL/ADC/ADC_porg.o
                0x000052be                __vector_16
 .text.Switch_enuInit
                0x00005324       0xde ./HAL/Switch/Switch_prog.o
                0x00005324                Switch_enuInit
 .text.Switch_enuGetPressed
                0x00005402       0x7c ./HAL/Switch/Switch_prog.o
                0x00005402                Switch_enuGetPressed
 .text.SevSeg_enuInit
                0x0000547e      0x11a ./HAL/SevSeg/SevSeg_prog.o
                0x0000547e                SevSeg_enuInit
 .text.SevSeg_enuSetDigitValue
                0x00005598       0x44 ./HAL/SevSeg/SevSeg_prog.o
                0x00005598                SevSeg_enuSetDigitValue
 .text.SevSeg_enuSetDIPValue
                0x000055dc       0x40 ./HAL/SevSeg/SevSeg_prog.o
                0x000055dc                SevSeg_enuSetDIPValue
 .text.SevSeg_enuFrameDelay
                0x0000561c       0x4a ./HAL/SevSeg/SevSeg_prog.o
                0x0000561c                SevSeg_enuFrameDelay
 .text.SevSeg_enuModuleEnable
                0x00005666       0x54 ./HAL/SevSeg/SevSeg_prog.o
                0x00005666                SevSeg_enuModuleEnable
 .text.SevSeg_enuModuleDisable
                0x000056ba       0x54 ./HAL/SevSeg/SevSeg_prog.o
                0x000056ba                SevSeg_enuModuleDisable
 .text.LD_enuInit
                0x0000570e       0xae ./HAL/LD/LD_prog.o
                0x0000570e                LD_enuInit
 .text.LD_enuSetState
                0x000057bc       0x74 ./HAL/LD/LD_prog.o
                0x000057bc                LD_enuSetState
 .text.LD_enuBlink
                0x00005830       0x60 ./HAL/LD/LD_prog.o
                0x00005830                LD_enuBlink
 .text.Coolent_enuInit
                0x00005890       0xf6 ./App/main.o
                0x00005890                Coolent_enuInit
 .text.Coolent_enuEnable
                0x00005986       0x12 ./App/main.o
                0x00005986                Coolent_enuEnable
 .text.Coolent_enuDisable
                0x00005998       0x12 ./App/main.o
                0x00005998                Coolent_enuDisable
 .text.Coolent_enuSetState
                0x000059aa      0x27e ./App/main.o
                0x000059aa                Coolent_enuSetState
 .text.Heater_enuInit
                0x00005c28       0xf6 ./App/main.o
                0x00005c28                Heater_enuInit
 .text.Heater_enuEnable
                0x00005d1e       0x12 ./App/main.o
                0x00005d1e                Heater_enuEnable
 .text.Heater_enuDisable
                0x00005d30       0x12 ./App/main.o
                0x00005d30                Heater_enuDisable
 .text.Heater_enuSetState
                0x00005d42      0x268 ./App/main.o
                0x00005d42                Heater_enuSetState
 .text.INT0_ISR
                0x00005faa       0x16 ./App/main.o
                0x00005faa                INT0_ISR
 .text.LM35_enuInit
                0x00005fc0       0x7a ./App/main.o
                0x00005fc0                LM35_enuInit
 .text.LM35_enuReadTemp
                0x0000603a       0x90 ./App/main.o
                0x0000603a                LM35_enuReadTemp
 .text.ADC_vidISR
                0x000060ca       0x14 ./App/main.o
                0x000060ca                ADC_vidISR
 .text.main     0x000060de      0x126 ./App/main.o
                0x000060de                main
 .text.DisplayTemperature
                0x00006204      0x102 ./App/main.o
                0x00006204                DisplayTemperature
 .text.CheckTemperatureStatus
                0x00006306      0x156 ./App/main.o
                0x00006306                CheckTemperatureStatus
 .text.CheckIncrementSwitch
                0x0000645c      0x11c ./App/main.o
                0x0000645c                CheckIncrementSwitch
 .text.CheckDecrementSwitch
                0x00006578      0x110 ./App/main.o
                0x00006578                CheckDecrementSwitch
 .text.CheckPowerSwitch
                0x00006688       0xfa ./App/main.o
                0x00006688                CheckPowerSwitch
 .text.AdjustRedLampStatus
                0x00006782       0x56 ./App/main.o
                0x00006782                AdjustRedLampStatus
 .text.AdjustHeaterStatus
                0x000067d8       0x4c ./App/main.o
                0x000067d8                AdjustHeaterStatus
 .text.AdjustCoolentStatus
                0x00006824       0x4c ./App/main.o
                0x00006824                AdjustCoolentStatus
 .text.EEPROM_Access
                0x00006870       0xd0 ./App/main.o
                0x00006870                EEPROM_Access
 .text.libgcc   0x00006940       0x18 d:/amit_course/masters/drive/sdk_win_64/winavr/bin/../lib/gcc/avr/4.3.3/avr5\libgcc.a(_udivmodqi4.o)
                0x00006940                __udivmodqi4
 .text.libgcc   0x00006958       0x28 d:/amit_course/masters/drive/sdk_win_64/winavr/bin/../lib/gcc/avr/4.3.3/avr5\libgcc.a(_udivmodhi4.o)
                0x00006958                __udivmodhi4
 .text.libgcc   0x00006980       0x26 d:/amit_course/masters/drive/sdk_win_64/winavr/bin/../lib/gcc/avr/4.3.3/avr5\libgcc.a(_divmodhi4.o)
                0x00006980                __divmodhi4
                0x00006980                _div
 .text.libgcc   0x000069a6       0x44 d:/amit_course/masters/drive/sdk_win_64/winavr/bin/../lib/gcc/avr/4.3.3/avr5\libgcc.a(_udivmodsi4.o)
                0x000069a6                __udivmodsi4
 .text.libgcc   0x000069ea        0x0 d:/amit_course/masters/drive/sdk_win_64/winavr/bin/../lib/gcc/avr/4.3.3/avr5\libgcc.a(_exit.o)
 .text.libgcc   0x000069ea        0x0 d:/amit_course/masters/drive/sdk_win_64/winavr/bin/../lib/gcc/avr/4.3.3/avr5\libgcc.a(_copy_data.o)
 .text.libgcc   0x000069ea        0x0 d:/amit_course/masters/drive/sdk_win_64/winavr/bin/../lib/gcc/avr/4.3.3/avr5\libgcc.a(_clear_bss.o)
 .text.libgcc   0x000069ea       0x38 d:/amit_course/masters/drive/sdk_win_64/winavr/bin/../lib/gcc/avr/4.3.3/avr5\libgcc.a(_prologue.o)
                0x000069ea                __prologue_saves__
 .text.libgcc   0x00006a22       0x36 d:/amit_course/masters/drive/sdk_win_64/winavr/bin/../lib/gcc/avr/4.3.3/avr5\libgcc.a(_epilogue.o)
                0x00006a22                __epilogue_restores__
                0x00006a58                . = ALIGN (0x2)
 *(.fini9)
 .fini9         0x00006a58        0x0 d:/amit_course/masters/drive/sdk_win_64/winavr/bin/../lib/gcc/avr/4.3.3/avr5\libgcc.a(_exit.o)
                0x00006a58                exit
                0x00006a58                _exit
 *(.fini9)
 *(.fini8)
 *(.fini8)
 *(.fini7)
 *(.fini7)
 *(.fini6)
 *(.fini6)
 *(.fini5)
 *(.fini5)
 *(.fini4)
 *(.fini4)
 *(.fini3)
 *(.fini3)
 *(.fini2)
 *(.fini2)
 *(.fini1)
 *(.fini1)
 *(.fini0)
 .fini0         0x00006a58        0x4 d:/amit_course/masters/drive/sdk_win_64/winavr/bin/../lib/gcc/avr/4.3.3/avr5\libgcc.a(_exit.o)
 *(.fini0)
                0x00006a5c                _etext = .

.data           0x00800060      0x172 load address 0x00006a5c
                0x00800060                PROVIDE (__data_start, .)
 *(.data)
 .data          0x00800060        0x0 d:/amit_course/masters/drive/sdk_win_64/winavr/bin/../lib/gcc/avr/4.3.3/../../../../avr/lib/avr5/crtm32.o
 .data          0x00800060        0x0 ./TMU/TMU_prog.o
 .data          0x00800060        0x0 ./MCAL/TIMER/TIMER_config.o
 .data          0x00800060        0x0 ./MCAL/TIMER/TIMER_prog.o
 .data          0x00800060        0x0 ./MCAL/PWM/PWM_config.o
 .data          0x00800060        0x0 ./MCAL/PWM/PWM_prog.o
 .data          0x00800060        0x0 ./MCAL/EXTI/EXTI_config.o
 .data          0x00800060        0x0 ./MCAL/EXTI/EXTI_prog.o
 .data          0x00800060        0x0 ./MCAL/EEPROM/EEPROM_prog.o
 .data          0x00800060        0x0 ./MCAL/DIO/DIO_prog.o
 .data          0x00800060        0x0 ./MCAL/ADC/ADC_porg.o
 .data          0x00800060        0x0 ./HAL/Switch/Switch_config.o
 .data          0x00800060        0x0 ./HAL/Switch/Switch_prog.o
 .data          0x00800060        0x0 ./HAL/SevSeg/SevSeg_config.o
 .data          0x00800060        0x0 ./HAL/SevSeg/SevSeg_prog.o
 .data          0x00800060        0x0 ./HAL/LD/LD_config.o
 .data          0x00800060        0x0 ./HAL/LD/LD_prog.o
 .data          0x00800060        0x0 ./App/main.o
 .data          0x00800060        0x0 d:/amit_course/masters/drive/sdk_win_64/winavr/bin/../lib/gcc/avr/4.3.3/avr5\libgcc.a(_udivmodqi4.o)
 .data          0x00800060        0x0 d:/amit_course/masters/drive/sdk_win_64/winavr/bin/../lib/gcc/avr/4.3.3/avr5\libgcc.a(_udivmodhi4.o)
 .data          0x00800060        0x0 d:/amit_course/masters/drive/sdk_win_64/winavr/bin/../lib/gcc/avr/4.3.3/avr5\libgcc.a(_divmodhi4.o)
 .data          0x00800060        0x0 d:/amit_course/masters/drive/sdk_win_64/winavr/bin/../lib/gcc/avr/4.3.3/avr5\libgcc.a(_udivmodsi4.o)
 .data          0x00800060        0x0 d:/amit_course/masters/drive/sdk_win_64/winavr/bin/../lib/gcc/avr/4.3.3/avr5\libgcc.a(_exit.o)
 .data          0x00800060        0x0 d:/amit_course/masters/drive/sdk_win_64/winavr/bin/../lib/gcc/avr/4.3.3/avr5\libgcc.a(_copy_data.o)
 .data          0x00800060        0x0 d:/amit_course/masters/drive/sdk_win_64/winavr/bin/../lib/gcc/avr/4.3.3/avr5\libgcc.a(_clear_bss.o)
 .data          0x00800060        0x0 d:/amit_course/masters/drive/sdk_win_64/winavr/bin/../lib/gcc/avr/4.3.3/avr5\libgcc.a(_fixunssfsi.o)
 .data          0x00800060        0x0 d:/amit_course/masters/drive/sdk_win_64/winavr/bin/../lib/gcc/avr/4.3.3/avr5\libgcc.a(_addsub_sf.o)
 .data          0x00800060        0x0 d:/amit_course/masters/drive/sdk_win_64/winavr/bin/../lib/gcc/avr/4.3.3/avr5\libgcc.a(_mul_sf.o)
 .data          0x00800060        0x0 d:/amit_course/masters/drive/sdk_win_64/winavr/bin/../lib/gcc/avr/4.3.3/avr5\libgcc.a(_div_sf.o)
 .data          0x00800060        0x0 d:/amit_course/masters/drive/sdk_win_64/winavr/bin/../lib/gcc/avr/4.3.3/avr5\libgcc.a(_eq_sf.o)
 .data          0x00800060        0x0 d:/amit_course/masters/drive/sdk_win_64/winavr/bin/../lib/gcc/avr/4.3.3/avr5\libgcc.a(_ne_sf.o)
 .data          0x00800060        0x0 d:/amit_course/masters/drive/sdk_win_64/winavr/bin/../lib/gcc/avr/4.3.3/avr5\libgcc.a(_gt_sf.o)
 .data          0x00800060        0x0 d:/amit_course/masters/drive/sdk_win_64/winavr/bin/../lib/gcc/avr/4.3.3/avr5\libgcc.a(_ge_sf.o)
 .data          0x00800060        0x0 d:/amit_course/masters/drive/sdk_win_64/winavr/bin/../lib/gcc/avr/4.3.3/avr5\libgcc.a(_lt_sf.o)
 .data          0x00800060        0x0 d:/amit_course/masters/drive/sdk_win_64/winavr/bin/../lib/gcc/avr/4.3.3/avr5\libgcc.a(_le_sf.o)
 .data          0x00800060        0x0 d:/amit_course/masters/drive/sdk_win_64/winavr/bin/../lib/gcc/avr/4.3.3/avr5\libgcc.a(_si_to_sf.o)
 .data          0x00800060        0x0 d:/amit_course/masters/drive/sdk_win_64/winavr/bin/../lib/gcc/avr/4.3.3/avr5\libgcc.a(_sf_to_si.o)
 .data          0x00800060        0x8 d:/amit_course/masters/drive/sdk_win_64/winavr/bin/../lib/gcc/avr/4.3.3/avr5\libgcc.a(_thenan_sf.o)
                0x00800060                __thenan_sf
 .data          0x00800068        0x0 d:/amit_course/masters/drive/sdk_win_64/winavr/bin/../lib/gcc/avr/4.3.3/avr5\libgcc.a(_usi_to_sf.o)
 .data          0x00800068        0x0 d:/amit_course/masters/drive/sdk_win_64/winavr/bin/../lib/gcc/avr/4.3.3/avr5\libgcc.a(_prologue.o)
 .data          0x00800068        0x0 d:/amit_course/masters/drive/sdk_win_64/winavr/bin/../lib/gcc/avr/4.3.3/avr5\libgcc.a(_epilogue.o)
 .data          0x00800068        0x0 d:/amit_course/masters/drive/sdk_win_64/winavr/bin/../lib/gcc/avr/4.3.3/avr5\libgcc.a(_clzsi2.o)
 .data          0x00800068        0x0 d:/amit_course/masters/drive/sdk_win_64/winavr/bin/../lib/gcc/avr/4.3.3/avr5\libgcc.a(_pack_sf.o)
 .data          0x00800068        0x0 d:/amit_course/masters/drive/sdk_win_64/winavr/bin/../lib/gcc/avr/4.3.3/avr5\libgcc.a(_unpack_sf.o)
 .data          0x00800068        0x0 d:/amit_course/masters/drive/sdk_win_64/winavr/bin/../lib/gcc/avr/4.3.3/avr5\libgcc.a(_fpcmp_parts_sf.o)
 .data          0x00800068      0x100 d:/amit_course/masters/drive/sdk_win_64/winavr/bin/../lib/gcc/avr/4.3.3/avr5\libgcc.a(_clz.o)
                0x00800068                __clz_tab
 *(.data*)
 .data.Timers_u8MaxNum
                0x00800168        0x1 ./MCAL/TIMER/TIMER_config.o
                0x00800168                Timers_u8MaxNum
 .data.Timer0Max
                0x00800169        0x1 ./MCAL/TIMER/TIMER_config.o
                0x00800169                Timer0Max
 .data.Timer2Max
                0x0080016a        0x1 ./MCAL/TIMER/TIMER_config.o
                0x0080016a                Timer2Max
 .data.Timers   0x0080016b        0xa ./MCAL/TIMER/TIMER_config.o
                0x0080016b                Timers
 .data.Global_AstrTimerPointers
                0x00800175        0xc ./MCAL/TIMER/TIMER_prog.o
                0x00800175                Global_AstrTimerPointers
 .data.PWM_u8MaxNum
                0x00800181        0x1 ./MCAL/PWM/PWM_config.o
                0x00800181                PWM_u8MaxNum
 .data.Timer1Max
                0x00800182        0x2 ./MCAL/PWM/PWM_config.o
                0x00800182                Timer1Max
 .data.PWMs     0x00800184        0xa ./MCAL/PWM/PWM_config.o
                0x00800184                PWMs
 .data.Global_AstrPWM_Pointers
                0x0080018e        0x9 ./MCAL/PWM/PWM_prog.o
                0x0080018e                Global_AstrPWM_Pointers
 .data.EXTI_u8EXTI_Num
                0x00800197        0x1 ./MCAL/EXTI/EXTI_config.o
                0x00800197                EXTI_u8EXTI_Num
 .data.EXTI_AstrEXTI_Config
                0x00800198        0x9 ./MCAL/EXTI/EXTI_config.o
                0x00800198                EXTI_AstrEXTI_Config
 .data.Switch_u8SwitchesMaxNum
                0x008001a1        0x1 ./HAL/Switch/Switch_config.o
                0x008001a1                Switch_u8SwitchesMaxNum
 .data.Switch   0x008001a2        0x9 ./HAL/Switch/Switch_config.o
                0x008001a2                Switch
 .data.ModuleValuePins
                0x008001ab        0x1 ./HAL/SevSeg/SevSeg_config.o
                0x008001ab                ModuleValuePins
 .data.SSegModule
                0x008001ac        0xe ./HAL/SevSeg/SevSeg_config.o
                0x008001ac                SSegModule
 .data.LD_u8LD_MaxNum
                0x008001ba        0x1 ./HAL/LD/LD_config.o
                0x008001ba                LD_u8LD_MaxNum
 .data.LD       0x008001bb        0x2 ./HAL/LD/LD_config.o
                0x008001bb                LD
 .data.PowerStatus
                0x008001bd        0x1 ./App/main.o
                0x008001bd                PowerStatus
 .data.HeaterStatus
                0x008001be        0x1 ./App/main.o
                0x008001be                HeaterStatus
 .data.CoolentStatus
                0x008001bf        0x1 ./App/main.o
                0x008001bf                CoolentStatus
 .data.Global_u8DisplayMode
                0x008001c0        0x1 ./App/main.o
                0x008001c0                Global_u8DisplayMode
 .data.EEPROM_SetTempAddress
                0x008001c1        0x2 ./App/main.o
                0x008001c1                EEPROM_SetTempAddress
 .data.SetTempSaveID
                0x008001c3        0x1 ./App/main.o
                0x008001c3                SetTempSaveID
 .data.Global_u8TempValue
                0x008001c4        0x1 ./App/main.o
                0x008001c4                Global_u8TempValue
 .data.BlinkDelay.1666
                0x008001c5        0x1 ./App/main.o
 .data.Local_u8TempReadCounter.1706
                0x008001c6        0x1 ./App/main.o
 .data.SetupDelay.1763
                0x008001c7        0x2 ./App/main.o
 .data.BounceDelay.1762
                0x008001c9        0x1 ./App/main.o
 .data.SetupDelay.1819
                0x008001ca        0x2 ./App/main.o
 .data.BounceDelay.1818
                0x008001cc        0x1 ./App/main.o
 .data.BounceDelay.1875
                0x008001cd        0x1 ./App/main.o
 .data.PrevStatus.1936
                0x008001ce        0x1 ./App/main.o
 .data.PrevStatus.1950
                0x008001cf        0x1 ./App/main.o
 .data.Local_u8StoredSetTemp.1965
                0x008001d0        0x1 ./App/main.o
 *(.rodata)
 *(.rodata*)
 *(.gnu.linkonce.d*)
                0x008001d2                . = ALIGN (0x2)
 *fill*         0x008001d1        0x1 00
                0x008001d2                _edata = .
                0x008001d2                PROVIDE (__data_end, .)

.bss            0x008001d2       0x86
                0x008001d2                PROVIDE (__bss_start, .)
 *(.bss)
 .bss           0x008001d2        0x0 d:/amit_course/masters/drive/sdk_win_64/winavr/bin/../lib/gcc/avr/4.3.3/../../../../avr/lib/avr5/crtm32.o
 .bss           0x008001d2        0x0 ./TMU/TMU_prog.o
 .bss           0x008001d2        0x0 ./MCAL/TIMER/TIMER_config.o
 .bss           0x008001d2        0x0 ./MCAL/TIMER/TIMER_prog.o
 .bss           0x008001d2        0x0 ./MCAL/PWM/PWM_config.o
 .bss           0x008001d2        0x0 ./MCAL/PWM/PWM_prog.o
 .bss           0x008001d2        0x0 ./MCAL/EXTI/EXTI_config.o
 .bss           0x008001d2        0x0 ./MCAL/EXTI/EXTI_prog.o
 .bss           0x008001d2        0x0 ./MCAL/EEPROM/EEPROM_prog.o
 .bss           0x008001d2        0x0 ./MCAL/DIO/DIO_prog.o
 .bss           0x008001d2        0x0 ./MCAL/ADC/ADC_porg.o
 .bss           0x008001d2        0x0 ./HAL/Switch/Switch_config.o
 .bss           0x008001d2        0x0 ./HAL/Switch/Switch_prog.o
 .bss           0x008001d2        0x0 ./HAL/SevSeg/SevSeg_config.o
 .bss           0x008001d2        0x0 ./HAL/SevSeg/SevSeg_prog.o
 .bss           0x008001d2        0x0 ./HAL/LD/LD_config.o
 .bss           0x008001d2        0x0 ./HAL/LD/LD_prog.o
 .bss           0x008001d2        0x0 ./App/main.o
 .bss           0x008001d2        0x0 d:/amit_course/masters/drive/sdk_win_64/winavr/bin/../lib/gcc/avr/4.3.3/avr5\libgcc.a(_udivmodqi4.o)
 .bss           0x008001d2        0x0 d:/amit_course/masters/drive/sdk_win_64/winavr/bin/../lib/gcc/avr/4.3.3/avr5\libgcc.a(_udivmodhi4.o)
 .bss           0x008001d2        0x0 d:/amit_course/masters/drive/sdk_win_64/winavr/bin/../lib/gcc/avr/4.3.3/avr5\libgcc.a(_divmodhi4.o)
 .bss           0x008001d2        0x0 d:/amit_course/masters/drive/sdk_win_64/winavr/bin/../lib/gcc/avr/4.3.3/avr5\libgcc.a(_udivmodsi4.o)
 .bss           0x008001d2        0x0 d:/amit_course/masters/drive/sdk_win_64/winavr/bin/../lib/gcc/avr/4.3.3/avr5\libgcc.a(_exit.o)
 .bss           0x008001d2        0x0 d:/amit_course/masters/drive/sdk_win_64/winavr/bin/../lib/gcc/avr/4.3.3/avr5\libgcc.a(_copy_data.o)
 .bss           0x008001d2        0x0 d:/amit_course/masters/drive/sdk_win_64/winavr/bin/../lib/gcc/avr/4.3.3/avr5\libgcc.a(_clear_bss.o)
 .bss           0x008001d2        0x0 d:/amit_course/masters/drive/sdk_win_64/winavr/bin/../lib/gcc/avr/4.3.3/avr5\libgcc.a(_fixunssfsi.o)
 .bss           0x008001d2        0x0 d:/amit_course/masters/drive/sdk_win_64/winavr/bin/../lib/gcc/avr/4.3.3/avr5\libgcc.a(_addsub_sf.o)
 .bss           0x008001d2        0x0 d:/amit_course/masters/drive/sdk_win_64/winavr/bin/../lib/gcc/avr/4.3.3/avr5\libgcc.a(_mul_sf.o)
 .bss           0x008001d2        0x0 d:/amit_course/masters/drive/sdk_win_64/winavr/bin/../lib/gcc/avr/4.3.3/avr5\libgcc.a(_div_sf.o)
 .bss           0x008001d2        0x0 d:/amit_course/masters/drive/sdk_win_64/winavr/bin/../lib/gcc/avr/4.3.3/avr5\libgcc.a(_eq_sf.o)
 .bss           0x008001d2        0x0 d:/amit_course/masters/drive/sdk_win_64/winavr/bin/../lib/gcc/avr/4.3.3/avr5\libgcc.a(_ne_sf.o)
 .bss           0x008001d2        0x0 d:/amit_course/masters/drive/sdk_win_64/winavr/bin/../lib/gcc/avr/4.3.3/avr5\libgcc.a(_gt_sf.o)
 .bss           0x008001d2        0x0 d:/amit_course/masters/drive/sdk_win_64/winavr/bin/../lib/gcc/avr/4.3.3/avr5\libgcc.a(_ge_sf.o)
 .bss           0x008001d2        0x0 d:/amit_course/masters/drive/sdk_win_64/winavr/bin/../lib/gcc/avr/4.3.3/avr5\libgcc.a(_lt_sf.o)
 .bss           0x008001d2        0x0 d:/amit_course/masters/drive/sdk_win_64/winavr/bin/../lib/gcc/avr/4.3.3/avr5\libgcc.a(_le_sf.o)
 .bss           0x008001d2        0x0 d:/amit_course/masters/drive/sdk_win_64/winavr/bin/../lib/gcc/avr/4.3.3/avr5\libgcc.a(_si_to_sf.o)
 .bss           0x008001d2        0x0 d:/amit_course/masters/drive/sdk_win_64/winavr/bin/../lib/gcc/avr/4.3.3/avr5\libgcc.a(_sf_to_si.o)
 .bss           0x008001d2        0x0 d:/amit_course/masters/drive/sdk_win_64/winavr/bin/../lib/gcc/avr/4.3.3/avr5\libgcc.a(_thenan_sf.o)
 .bss           0x008001d2        0x0 d:/amit_course/masters/drive/sdk_win_64/winavr/bin/../lib/gcc/avr/4.3.3/avr5\libgcc.a(_usi_to_sf.o)
 .bss           0x008001d2        0x0 d:/amit_course/masters/drive/sdk_win_64/winavr/bin/../lib/gcc/avr/4.3.3/avr5\libgcc.a(_prologue.o)
 .bss           0x008001d2        0x0 d:/amit_course/masters/drive/sdk_win_64/winavr/bin/../lib/gcc/avr/4.3.3/avr5\libgcc.a(_epilogue.o)
 .bss           0x008001d2        0x0 d:/amit_course/masters/drive/sdk_win_64/winavr/bin/../lib/gcc/avr/4.3.3/avr5\libgcc.a(_clzsi2.o)
 .bss           0x008001d2        0x0 d:/amit_course/masters/drive/sdk_win_64/winavr/bin/../lib/gcc/avr/4.3.3/avr5\libgcc.a(_pack_sf.o)
 .bss           0x008001d2        0x0 d:/amit_course/masters/drive/sdk_win_64/winavr/bin/../lib/gcc/avr/4.3.3/avr5\libgcc.a(_unpack_sf.o)
 .bss           0x008001d2        0x0 d:/amit_course/masters/drive/sdk_win_64/winavr/bin/../lib/gcc/avr/4.3.3/avr5\libgcc.a(_fpcmp_parts_sf.o)
 .bss           0x008001d2        0x0 d:/amit_course/masters/drive/sdk_win_64/winavr/bin/../lib/gcc/avr/4.3.3/avr5\libgcc.a(_clz.o)
 *(.bss*)
 .bss.All_Tasks
                0x008001d2       0x48 ./TMU/TMU_prog.o
 .bss.TMU_u8ISRNum
                0x0080021a        0x1 ./TMU/TMU_prog.o
 .bss.TMU_u8ISRCount
                0x0080021b        0x1 ./TMU/TMU_prog.o
 .bss.TMU_u8Preload
                0x0080021c        0x1 ./TMU/TMU_prog.o
 .bss.TMU_u32OsTicks
                0x0080021d        0x4 ./TMU/TMU_prog.o
 .bss.Global_u8OCR0_Value
                0x00800221        0x1 ./MCAL/TIMER/TIMER_prog.o
 .bss.Global_u8OCR2_Value
                0x00800222        0x1 ./MCAL/TIMER/TIMER_prog.o
 .bss.Global_u32Timer0_Clk
                0x00800223        0x4 ./MCAL/TIMER/TIMER_prog.o
 .bss.Global_u32Timer2_Clk
                0x00800227        0x4 ./MCAL/TIMER/TIMER_prog.o
 .bss.Global_u16OCR1A_Value
                0x0080022b        0x2 ./MCAL/PWM/PWM_prog.o
 .bss.Global_u16OCR1B_Value
                0x0080022d        0x2 ./MCAL/PWM/PWM_prog.o
 .bss.Global_u16ICR1_Value
                0x0080022f        0x2 ./MCAL/PWM/PWM_prog.o
 .bss.Global_u32Timer1_Clk
                0x00800231        0x4 ./MCAL/PWM/PWM_prog.o
 .bss.EXTI_ApFunction_AppFun
                0x00800235        0x6 ./MCAL/EXTI/EXTI_prog.o
                0x00800235                EXTI_ApFunction_AppFun
 .bss.ADC_pFunISRFun
                0x0080023b        0x2 ./MCAL/ADC/ADC_porg.o
 .bss.PrevDutyCycle.1339
                0x0080023d        0x4 ./App/main.o
 .bss.PrevTempError.1337
                0x00800241        0x1 ./App/main.o
 .bss.PrevDutyCycle.1458
                0x00800242        0x4 ./App/main.o
 .bss.PrevTempError.1457
                0x00800246        0x1 ./App/main.o
 .bss.Global_blConverted
                0x00800247        0x1 ./App/main.o
                0x00800247                Global_blConverted
 .bss.ProcessStatus
                0x00800248        0x1 ./App/main.o
                0x00800248                ProcessStatus
 .bss.LedStatus
                0x00800249        0x1 ./App/main.o
                0x00800249                LedStatus
 .bss.SetTempUpdate
                0x0080024a        0x1 ./App/main.o
                0x0080024a                SetTempUpdate
 .bss.BlinkStatus.1667
                0x0080024b        0x1 ./App/main.o
 .bss.Local_u8PrevTempValue.1705
                0x0080024c        0x1 ./App/main.o
 .bss.Local_u16TempAccValue.1704
                0x0080024d        0x2 ./App/main.o
 .bss.press.1761
                0x0080024f        0x1 ./App/main.o
 .bss.press.1817
                0x00800250        0x1 ./App/main.o
 .bss.hold.1874
                0x00800251        0x1 ./App/main.o
 .bss.press.1873
                0x00800252        0x1 ./App/main.o
 .bss.Local_u8PrevStatus.1919
                0x00800253        0x1 ./App/main.o
 .bss.Local_u8SetTempSaveID.1966
                0x00800254        0x1 ./App/main.o
 *(COMMON)
 COMMON         0x00800255        0x3 ./App/main.o
                0x00800255                Global_u8TempSetValue
                0x00800256                Global_s8TempError
                0x00800257                Global_u8SetupSw
                0x00800258                PROVIDE (__bss_end, .)
                0x00006a5c                __data_load_start = LOADADDR (.data)
                0x00006bce                __data_load_end = (__data_load_start + SIZEOF (.data))

.noinit         0x00800258        0x0
                0x00800258                PROVIDE (__noinit_start, .)
 *(.noinit*)
                0x00800258                PROVIDE (__noinit_end, .)
                0x00800258                _end = .
                0x00800258                PROVIDE (__heap_start, .)

.eeprom         0x00810000        0x0
 *(.eeprom*)
                0x00810000                __eeprom_end = .

.fuse
 *(.fuse)
 *(.lfuse)
 *(.hfuse)
 *(.efuse)

.lock
 *(.lock*)

.signature
 *(.signature*)

.stab           0x00000000     0x74f4
 *(.stab)
 .stab          0x00000000      0x5c4 ./TMU/TMU_prog.o
 .stab          0x000005c4      0x234 ./MCAL/TIMER/TIMER_config.o
                                0x240 (size before relaxing)
 .stab          0x000007f8     0x1098 ./MCAL/TIMER/TIMER_prog.o
                               0x11a0 (size before relaxing)
 .stab          0x00001890      0x228 ./MCAL/PWM/PWM_config.o
                                0x234 (size before relaxing)
 .stab          0x00001ab8     0x13f8 ./MCAL/PWM/PWM_prog.o
                               0x1500 (size before relaxing)
 .stab          0x00002eb0      0x1f8 ./MCAL/EXTI/EXTI_config.o
                                0x204 (size before relaxing)
 .stab          0x000030a8      0x7d4 ./MCAL/EXTI/EXTI_prog.o
                                0x8c4 (size before relaxing)
 .stab          0x0000387c      0x378 ./MCAL/EEPROM/EEPROM_prog.o
                                0x384 (size before relaxing)
 .stab          0x00003bf4      0x588 ./MCAL/DIO/DIO_prog.o
                                0x594 (size before relaxing)
 .stab          0x0000417c      0xa98 ./MCAL/ADC/ADC_porg.o
                                0xaa4 (size before relaxing)
 .stab          0x00004c14      0x1f8 ./HAL/Switch/Switch_config.o
                                0x204 (size before relaxing)
 .stab          0x00004e0c      0x270 ./HAL/Switch/Switch_prog.o
                                0x360 (size before relaxing)
 .stab          0x0000507c      0x204 ./HAL/SevSeg/SevSeg_config.o
                                0x210 (size before relaxing)
 .stab          0x00005280      0x4e0 ./HAL/SevSeg/SevSeg_prog.o
                                0x5dc (size before relaxing)
 .stab          0x00005760      0x1f8 ./HAL/LD/LD_config.o
                                0x204 (size before relaxing)
 .stab          0x00005958      0x30c ./HAL/LD/LD_prog.o
                                0x3fc (size before relaxing)
 .stab          0x00005c64     0x1890 ./App/main.o
                               0x189c (size before relaxing)

.stabstr        0x00000000     0x2a32
 *(.stabstr)
 .stabstr       0x00000000     0x2a32 ./TMU/TMU_prog.o

.stab.excl
 *(.stab.excl)

.stab.exclstr
 *(.stab.exclstr)

.stab.index
 *(.stab.index)

.stab.indexstr
 *(.stab.indexstr)

.comment
 *(.comment)

.debug
 *(.debug)

.line
 *(.line)

.debug_srcinfo
 *(.debug_srcinfo)

.debug_sfnames
 *(.debug_sfnames)

.debug_aranges  0x00000000      0x220
 *(.debug_aranges)
 .debug_aranges
                0x00000000       0x20 d:/amit_course/masters/drive/sdk_win_64/winavr/bin/../lib/gcc/avr/4.3.3/avr5\libgcc.a(_fixunssfsi.o)
 .debug_aranges
                0x00000020       0x20 d:/amit_course/masters/drive/sdk_win_64/winavr/bin/../lib/gcc/avr/4.3.3/avr5\libgcc.a(_addsub_sf.o)
 .debug_aranges
                0x00000040       0x20 d:/amit_course/masters/drive/sdk_win_64/winavr/bin/../lib/gcc/avr/4.3.3/avr5\libgcc.a(_mul_sf.o)
 .debug_aranges
                0x00000060       0x20 d:/amit_course/masters/drive/sdk_win_64/winavr/bin/../lib/gcc/avr/4.3.3/avr5\libgcc.a(_div_sf.o)
 .debug_aranges
                0x00000080       0x20 d:/amit_course/masters/drive/sdk_win_64/winavr/bin/../lib/gcc/avr/4.3.3/avr5\libgcc.a(_eq_sf.o)
 .debug_aranges
                0x000000a0       0x20 d:/amit_course/masters/drive/sdk_win_64/winavr/bin/../lib/gcc/avr/4.3.3/avr5\libgcc.a(_ne_sf.o)
 .debug_aranges
                0x000000c0       0x20 d:/amit_course/masters/drive/sdk_win_64/winavr/bin/../lib/gcc/avr/4.3.3/avr5\libgcc.a(_gt_sf.o)
 .debug_aranges
                0x000000e0       0x20 d:/amit_course/masters/drive/sdk_win_64/winavr/bin/../lib/gcc/avr/4.3.3/avr5\libgcc.a(_ge_sf.o)
 .debug_aranges
                0x00000100       0x20 d:/amit_course/masters/drive/sdk_win_64/winavr/bin/../lib/gcc/avr/4.3.3/avr5\libgcc.a(_lt_sf.o)
 .debug_aranges
                0x00000120       0x20 d:/amit_course/masters/drive/sdk_win_64/winavr/bin/../lib/gcc/avr/4.3.3/avr5\libgcc.a(_le_sf.o)
 .debug_aranges
                0x00000140       0x20 d:/amit_course/masters/drive/sdk_win_64/winavr/bin/../lib/gcc/avr/4.3.3/avr5\libgcc.a(_si_to_sf.o)
 .debug_aranges
                0x00000160       0x20 d:/amit_course/masters/drive/sdk_win_64/winavr/bin/../lib/gcc/avr/4.3.3/avr5\libgcc.a(_sf_to_si.o)
 .debug_aranges
                0x00000180       0x20 d:/amit_course/masters/drive/sdk_win_64/winavr/bin/../lib/gcc/avr/4.3.3/avr5\libgcc.a(_usi_to_sf.o)
 .debug_aranges
                0x000001a0       0x20 d:/amit_course/masters/drive/sdk_win_64/winavr/bin/../lib/gcc/avr/4.3.3/avr5\libgcc.a(_clzsi2.o)
 .debug_aranges
                0x000001c0       0x20 d:/amit_course/masters/drive/sdk_win_64/winavr/bin/../lib/gcc/avr/4.3.3/avr5\libgcc.a(_pack_sf.o)
 .debug_aranges
                0x000001e0       0x20 d:/amit_course/masters/drive/sdk_win_64/winavr/bin/../lib/gcc/avr/4.3.3/avr5\libgcc.a(_unpack_sf.o)
 .debug_aranges
                0x00000200       0x20 d:/amit_course/masters/drive/sdk_win_64/winavr/bin/../lib/gcc/avr/4.3.3/avr5\libgcc.a(_fpcmp_parts_sf.o)

.debug_pubnames
                0x00000000      0x26e
 *(.debug_pubnames)
 .debug_pubnames
                0x00000000       0x23 d:/amit_course/masters/drive/sdk_win_64/winavr/bin/../lib/gcc/avr/4.3.3/avr5\libgcc.a(_fixunssfsi.o)
 .debug_pubnames
                0x00000023       0x2c d:/amit_course/masters/drive/sdk_win_64/winavr/bin/../lib/gcc/avr/4.3.3/avr5\libgcc.a(_addsub_sf.o)
 .debug_pubnames
                0x0000004f       0x1f d:/amit_course/masters/drive/sdk_win_64/winavr/bin/../lib/gcc/avr/4.3.3/avr5\libgcc.a(_mul_sf.o)
 .debug_pubnames
                0x0000006e       0x1f d:/amit_course/masters/drive/sdk_win_64/winavr/bin/../lib/gcc/avr/4.3.3/avr5\libgcc.a(_div_sf.o)
 .debug_pubnames
                0x0000008d       0x1e d:/amit_course/masters/drive/sdk_win_64/winavr/bin/../lib/gcc/avr/4.3.3/avr5\libgcc.a(_eq_sf.o)
 .debug_pubnames
                0x000000ab       0x1e d:/amit_course/masters/drive/sdk_win_64/winavr/bin/../lib/gcc/avr/4.3.3/avr5\libgcc.a(_ne_sf.o)
 .debug_pubnames
                0x000000c9       0x1e d:/amit_course/masters/drive/sdk_win_64/winavr/bin/../lib/gcc/avr/4.3.3/avr5\libgcc.a(_gt_sf.o)
 .debug_pubnames
                0x000000e7       0x1e d:/amit_course/masters/drive/sdk_win_64/winavr/bin/../lib/gcc/avr/4.3.3/avr5\libgcc.a(_ge_sf.o)
 .debug_pubnames
                0x00000105       0x1e d:/amit_course/masters/drive/sdk_win_64/winavr/bin/../lib/gcc/avr/4.3.3/avr5\libgcc.a(_lt_sf.o)
 .debug_pubnames
                0x00000123       0x1e d:/amit_course/masters/drive/sdk_win_64/winavr/bin/../lib/gcc/avr/4.3.3/avr5\libgcc.a(_le_sf.o)
 .debug_pubnames
                0x00000141       0x22 d:/amit_course/masters/drive/sdk_win_64/winavr/bin/../lib/gcc/avr/4.3.3/avr5\libgcc.a(_si_to_sf.o)
 .debug_pubnames
                0x00000163       0x20 d:/amit_course/masters/drive/sdk_win_64/winavr/bin/../lib/gcc/avr/4.3.3/avr5\libgcc.a(_sf_to_si.o)
 .debug_pubnames
                0x00000183       0x22 d:/amit_course/masters/drive/sdk_win_64/winavr/bin/../lib/gcc/avr/4.3.3/avr5\libgcc.a(_thenan_sf.o)
 .debug_pubnames
                0x000001a5       0x24 d:/amit_course/masters/drive/sdk_win_64/winavr/bin/../lib/gcc/avr/4.3.3/avr5\libgcc.a(_usi_to_sf.o)
 .debug_pubnames
                0x000001c9       0x1f d:/amit_course/masters/drive/sdk_win_64/winavr/bin/../lib/gcc/avr/4.3.3/avr5\libgcc.a(_clzsi2.o)
 .debug_pubnames
                0x000001e8       0x1f d:/amit_course/masters/drive/sdk_win_64/winavr/bin/../lib/gcc/avr/4.3.3/avr5\libgcc.a(_pack_sf.o)
 .debug_pubnames
                0x00000207       0x21 d:/amit_course/masters/drive/sdk_win_64/winavr/bin/../lib/gcc/avr/4.3.3/avr5\libgcc.a(_unpack_sf.o)
 .debug_pubnames
                0x00000228       0x26 d:/amit_course/masters/drive/sdk_win_64/winavr/bin/../lib/gcc/avr/4.3.3/avr5\libgcc.a(_fpcmp_parts_sf.o)
 .debug_pubnames
                0x0000024e       0x20 d:/amit_course/masters/drive/sdk_win_64/winavr/bin/../lib/gcc/avr/4.3.3/avr5\libgcc.a(_clz.o)

.debug_info     0x00000000     0x2d8f
 *(.debug_info)
 .debug_info    0x00000000       0xb1 d:/amit_course/masters/drive/sdk_win_64/winavr/bin/../lib/gcc/avr/4.3.3/avr5\libgcc.a(_fixunssfsi.o)
 .debug_info    0x000000b1      0x47a d:/amit_course/masters/drive/sdk_win_64/winavr/bin/../lib/gcc/avr/4.3.3/avr5\libgcc.a(_addsub_sf.o)
 .debug_info    0x0000052b      0x485 d:/amit_course/masters/drive/sdk_win_64/winavr/bin/../lib/gcc/avr/4.3.3/avr5\libgcc.a(_mul_sf.o)
 .debug_info    0x000009b0      0x3fc d:/amit_course/masters/drive/sdk_win_64/winavr/bin/../lib/gcc/avr/4.3.3/avr5\libgcc.a(_div_sf.o)
 .debug_info    0x00000dac      0x27f d:/amit_course/masters/drive/sdk_win_64/winavr/bin/../lib/gcc/avr/4.3.3/avr5\libgcc.a(_eq_sf.o)
 .debug_info    0x0000102b      0x27f d:/amit_course/masters/drive/sdk_win_64/winavr/bin/../lib/gcc/avr/4.3.3/avr5\libgcc.a(_ne_sf.o)
 .debug_info    0x000012aa      0x27f d:/amit_course/masters/drive/sdk_win_64/winavr/bin/../lib/gcc/avr/4.3.3/avr5\libgcc.a(_gt_sf.o)
 .debug_info    0x00001529      0x27f d:/amit_course/masters/drive/sdk_win_64/winavr/bin/../lib/gcc/avr/4.3.3/avr5\libgcc.a(_ge_sf.o)
 .debug_info    0x000017a8      0x27f d:/amit_course/masters/drive/sdk_win_64/winavr/bin/../lib/gcc/avr/4.3.3/avr5\libgcc.a(_lt_sf.o)
 .debug_info    0x00001a27      0x27f d:/amit_course/masters/drive/sdk_win_64/winavr/bin/../lib/gcc/avr/4.3.3/avr5\libgcc.a(_le_sf.o)
 .debug_info    0x00001ca6      0x207 d:/amit_course/masters/drive/sdk_win_64/winavr/bin/../lib/gcc/avr/4.3.3/avr5\libgcc.a(_si_to_sf.o)
 .debug_info    0x00001ead      0x2b0 d:/amit_course/masters/drive/sdk_win_64/winavr/bin/../lib/gcc/avr/4.3.3/avr5\libgcc.a(_sf_to_si.o)
 .debug_info    0x0000215d      0x12c d:/amit_course/masters/drive/sdk_win_64/winavr/bin/../lib/gcc/avr/4.3.3/avr5\libgcc.a(_thenan_sf.o)
 .debug_info    0x00002289      0x206 d:/amit_course/masters/drive/sdk_win_64/winavr/bin/../lib/gcc/avr/4.3.3/avr5\libgcc.a(_usi_to_sf.o)
 .debug_info    0x0000248f      0x117 d:/amit_course/masters/drive/sdk_win_64/winavr/bin/../lib/gcc/avr/4.3.3/avr5\libgcc.a(_clzsi2.o)
 .debug_info    0x000025a6      0x2df d:/amit_course/masters/drive/sdk_win_64/winavr/bin/../lib/gcc/avr/4.3.3/avr5\libgcc.a(_pack_sf.o)
 .debug_info    0x00002885      0x251 d:/amit_course/masters/drive/sdk_win_64/winavr/bin/../lib/gcc/avr/4.3.3/avr5\libgcc.a(_unpack_sf.o)
 .debug_info    0x00002ad6      0x210 d:/amit_course/masters/drive/sdk_win_64/winavr/bin/../lib/gcc/avr/4.3.3/avr5\libgcc.a(_fpcmp_parts_sf.o)
 .debug_info    0x00002ce6       0xa9 d:/amit_course/masters/drive/sdk_win_64/winavr/bin/../lib/gcc/avr/4.3.3/avr5\libgcc.a(_clz.o)
 *(.gnu.linkonce.wi.*)

.debug_abbrev   0x00000000     0x18dc
 *(.debug_abbrev)
 .debug_abbrev  0x00000000       0x5d d:/amit_course/masters/drive/sdk_win_64/winavr/bin/../lib/gcc/avr/4.3.3/avr5\libgcc.a(_fixunssfsi.o)
 .debug_abbrev  0x0000005d      0x1ea d:/amit_course/masters/drive/sdk_win_64/winavr/bin/../lib/gcc/avr/4.3.3/avr5\libgcc.a(_addsub_sf.o)
 .debug_abbrev  0x00000247      0x21b d:/amit_course/masters/drive/sdk_win_64/winavr/bin/../lib/gcc/avr/4.3.3/avr5\libgcc.a(_mul_sf.o)
 .debug_abbrev  0x00000462      0x216 d:/amit_course/masters/drive/sdk_win_64/winavr/bin/../lib/gcc/avr/4.3.3/avr5\libgcc.a(_div_sf.o)
 .debug_abbrev  0x00000678      0x15a d:/amit_course/masters/drive/sdk_win_64/winavr/bin/../lib/gcc/avr/4.3.3/avr5\libgcc.a(_eq_sf.o)
 .debug_abbrev  0x000007d2      0x15a d:/amit_course/masters/drive/sdk_win_64/winavr/bin/../lib/gcc/avr/4.3.3/avr5\libgcc.a(_ne_sf.o)
 .debug_abbrev  0x0000092c      0x15a d:/amit_course/masters/drive/sdk_win_64/winavr/bin/../lib/gcc/avr/4.3.3/avr5\libgcc.a(_gt_sf.o)
 .debug_abbrev  0x00000a86      0x15a d:/amit_course/masters/drive/sdk_win_64/winavr/bin/../lib/gcc/avr/4.3.3/avr5\libgcc.a(_ge_sf.o)
 .debug_abbrev  0x00000be0      0x15a d:/amit_course/masters/drive/sdk_win_64/winavr/bin/../lib/gcc/avr/4.3.3/avr5\libgcc.a(_lt_sf.o)
 .debug_abbrev  0x00000d3a      0x15a d:/amit_course/masters/drive/sdk_win_64/winavr/bin/../lib/gcc/avr/4.3.3/avr5\libgcc.a(_le_sf.o)
 .debug_abbrev  0x00000e94      0x148 d:/amit_course/masters/drive/sdk_win_64/winavr/bin/../lib/gcc/avr/4.3.3/avr5\libgcc.a(_si_to_sf.o)
 .debug_abbrev  0x00000fdc      0x17f d:/amit_course/masters/drive/sdk_win_64/winavr/bin/../lib/gcc/avr/4.3.3/avr5\libgcc.a(_sf_to_si.o)
 .debug_abbrev  0x0000115b       0xad d:/amit_course/masters/drive/sdk_win_64/winavr/bin/../lib/gcc/avr/4.3.3/avr5\libgcc.a(_thenan_sf.o)
 .debug_abbrev  0x00001208      0x157 d:/amit_course/masters/drive/sdk_win_64/winavr/bin/../lib/gcc/avr/4.3.3/avr5\libgcc.a(_usi_to_sf.o)
 .debug_abbrev  0x0000135f       0xc4 d:/amit_course/masters/drive/sdk_win_64/winavr/bin/../lib/gcc/avr/4.3.3/avr5\libgcc.a(_clzsi2.o)
 .debug_abbrev  0x00001423      0x1c0 d:/amit_course/masters/drive/sdk_win_64/winavr/bin/../lib/gcc/avr/4.3.3/avr5\libgcc.a(_pack_sf.o)
 .debug_abbrev  0x000015e3      0x154 d:/amit_course/masters/drive/sdk_win_64/winavr/bin/../lib/gcc/avr/4.3.3/avr5\libgcc.a(_unpack_sf.o)
 .debug_abbrev  0x00001737      0x13b d:/amit_course/masters/drive/sdk_win_64/winavr/bin/../lib/gcc/avr/4.3.3/avr5\libgcc.a(_fpcmp_parts_sf.o)
 .debug_abbrev  0x00001872       0x6a d:/amit_course/masters/drive/sdk_win_64/winavr/bin/../lib/gcc/avr/4.3.3/avr5\libgcc.a(_clz.o)

.debug_line     0x00000000     0x1584
 *(.debug_line)
 .debug_line    0x00000000       0xa7 d:/amit_course/masters/drive/sdk_win_64/winavr/bin/../lib/gcc/avr/4.3.3/avr5\libgcc.a(_fixunssfsi.o)
 .debug_line    0x000000a7      0x2af d:/amit_course/masters/drive/sdk_win_64/winavr/bin/../lib/gcc/avr/4.3.3/avr5\libgcc.a(_addsub_sf.o)
 .debug_line    0x00000356      0x239 d:/amit_course/masters/drive/sdk_win_64/winavr/bin/../lib/gcc/avr/4.3.3/avr5\libgcc.a(_mul_sf.o)
 .debug_line    0x0000058f      0x1d5 d:/amit_course/masters/drive/sdk_win_64/winavr/bin/../lib/gcc/avr/4.3.3/avr5\libgcc.a(_div_sf.o)
 .debug_line    0x00000764       0xd3 d:/amit_course/masters/drive/sdk_win_64/winavr/bin/../lib/gcc/avr/4.3.3/avr5\libgcc.a(_eq_sf.o)
 .debug_line    0x00000837       0xd3 d:/amit_course/masters/drive/sdk_win_64/winavr/bin/../lib/gcc/avr/4.3.3/avr5\libgcc.a(_ne_sf.o)
 .debug_line    0x0000090a       0xd3 d:/amit_course/masters/drive/sdk_win_64/winavr/bin/../lib/gcc/avr/4.3.3/avr5\libgcc.a(_gt_sf.o)
 .debug_line    0x000009dd       0xd3 d:/amit_course/masters/drive/sdk_win_64/winavr/bin/../lib/gcc/avr/4.3.3/avr5\libgcc.a(_ge_sf.o)
 .debug_line    0x00000ab0       0xd3 d:/amit_course/masters/drive/sdk_win_64/winavr/bin/../lib/gcc/avr/4.3.3/avr5\libgcc.a(_lt_sf.o)
 .debug_line    0x00000b83       0xd3 d:/amit_course/masters/drive/sdk_win_64/winavr/bin/../lib/gcc/avr/4.3.3/avr5\libgcc.a(_le_sf.o)
 .debug_line    0x00000c56      0x135 d:/amit_course/masters/drive/sdk_win_64/winavr/bin/../lib/gcc/avr/4.3.3/avr5\libgcc.a(_si_to_sf.o)
 .debug_line    0x00000d8b      0x109 d:/amit_course/masters/drive/sdk_win_64/winavr/bin/../lib/gcc/avr/4.3.3/avr5\libgcc.a(_sf_to_si.o)
 .debug_line    0x00000e94       0x90 d:/amit_course/masters/drive/sdk_win_64/winavr/bin/../lib/gcc/avr/4.3.3/avr5\libgcc.a(_thenan_sf.o)
 .debug_line    0x00000f24      0x133 d:/amit_course/masters/drive/sdk_win_64/winavr/bin/../lib/gcc/avr/4.3.3/avr5\libgcc.a(_usi_to_sf.o)
 .debug_line    0x00001057       0xa5 d:/amit_course/masters/drive/sdk_win_64/winavr/bin/../lib/gcc/avr/4.3.3/avr5\libgcc.a(_clzsi2.o)
 .debug_line    0x000010fc      0x18a d:/amit_course/masters/drive/sdk_win_64/winavr/bin/../lib/gcc/avr/4.3.3/avr5\libgcc.a(_pack_sf.o)
 .debug_line    0x00001286      0x14b d:/amit_course/masters/drive/sdk_win_64/winavr/bin/../lib/gcc/avr/4.3.3/avr5\libgcc.a(_unpack_sf.o)
 .debug_line    0x000013d1      0x137 d:/amit_course/masters/drive/sdk_win_64/winavr/bin/../lib/gcc/avr/4.3.3/avr5\libgcc.a(_fpcmp_parts_sf.o)
 .debug_line    0x00001508       0x7c d:/amit_course/masters/drive/sdk_win_64/winavr/bin/../lib/gcc/avr/4.3.3/avr5\libgcc.a(_clz.o)

.debug_frame    0x00000000      0x240
 *(.debug_frame)
 .debug_frame   0x00000000       0x20 d:/amit_course/masters/drive/sdk_win_64/winavr/bin/../lib/gcc/avr/4.3.3/avr5\libgcc.a(_fixunssfsi.o)
 .debug_frame   0x00000020       0x40 d:/amit_course/masters/drive/sdk_win_64/winavr/bin/../lib/gcc/avr/4.3.3/avr5\libgcc.a(_addsub_sf.o)
 .debug_frame   0x00000060       0x20 d:/amit_course/masters/drive/sdk_win_64/winavr/bin/../lib/gcc/avr/4.3.3/avr5\libgcc.a(_mul_sf.o)
 .debug_frame   0x00000080       0x20 d:/amit_course/masters/drive/sdk_win_64/winavr/bin/../lib/gcc/avr/4.3.3/avr5\libgcc.a(_div_sf.o)
 .debug_frame   0x000000a0       0x20 d:/amit_course/masters/drive/sdk_win_64/winavr/bin/../lib/gcc/avr/4.3.3/avr5\libgcc.a(_eq_sf.o)
 .debug_frame   0x000000c0       0x20 d:/amit_course/masters/drive/sdk_win_64/winavr/bin/../lib/gcc/avr/4.3.3/avr5\libgcc.a(_ne_sf.o)
 .debug_frame   0x000000e0       0x20 d:/amit_course/masters/drive/sdk_win_64/winavr/bin/../lib/gcc/avr/4.3.3/avr5\libgcc.a(_gt_sf.o)
 .debug_frame   0x00000100       0x20 d:/amit_course/masters/drive/sdk_win_64/winavr/bin/../lib/gcc/avr/4.3.3/avr5\libgcc.a(_ge_sf.o)
 .debug_frame   0x00000120       0x20 d:/amit_course/masters/drive/sdk_win_64/winavr/bin/../lib/gcc/avr/4.3.3/avr5\libgcc.a(_lt_sf.o)
 .debug_frame   0x00000140       0x20 d:/amit_course/masters/drive/sdk_win_64/winavr/bin/../lib/gcc/avr/4.3.3/avr5\libgcc.a(_le_sf.o)
 .debug_frame   0x00000160       0x20 d:/amit_course/masters/drive/sdk_win_64/winavr/bin/../lib/gcc/avr/4.3.3/avr5\libgcc.a(_si_to_sf.o)
 .debug_frame   0x00000180       0x20 d:/amit_course/masters/drive/sdk_win_64/winavr/bin/../lib/gcc/avr/4.3.3/avr5\libgcc.a(_sf_to_si.o)
 .debug_frame   0x000001a0       0x20 d:/amit_course/masters/drive/sdk_win_64/winavr/bin/../lib/gcc/avr/4.3.3/avr5\libgcc.a(_usi_to_sf.o)
 .debug_frame   0x000001c0       0x20 d:/amit_course/masters/drive/sdk_win_64/winavr/bin/../lib/gcc/avr/4.3.3/avr5\libgcc.a(_clzsi2.o)
 .debug_frame   0x000001e0       0x20 d:/amit_course/masters/drive/sdk_win_64/winavr/bin/../lib/gcc/avr/4.3.3/avr5\libgcc.a(_pack_sf.o)
 .debug_frame   0x00000200       0x20 d:/amit_course/masters/drive/sdk_win_64/winavr/bin/../lib/gcc/avr/4.3.3/avr5\libgcc.a(_unpack_sf.o)
 .debug_frame   0x00000220       0x20 d:/amit_course/masters/drive/sdk_win_64/winavr/bin/../lib/gcc/avr/4.3.3/avr5\libgcc.a(_fpcmp_parts_sf.o)

.debug_str      0x00000000      0x31f
 *(.debug_str)
 .debug_str     0x00000000       0xbf d:/amit_course/masters/drive/sdk_win_64/winavr/bin/../lib/gcc/avr/4.3.3/avr5\libgcc.a(_fixunssfsi.o)
                                 0xfe (size before relaxing)
 .debug_str     0x000000bf      0x14d d:/amit_course/masters/drive/sdk_win_64/winavr/bin/../lib/gcc/avr/4.3.3/avr5\libgcc.a(_addsub_sf.o)
                                0x206 (size before relaxing)
 .debug_str     0x0000020c       0x27 d:/amit_course/masters/drive/sdk_win_64/winavr/bin/../lib/gcc/avr/4.3.3/avr5\libgcc.a(_mul_sf.o)
                                0x1bf (size before relaxing)
 .debug_str     0x00000233       0x35 d:/amit_course/masters/drive/sdk_win_64/winavr/bin/../lib/gcc/avr/4.3.3/avr5\libgcc.a(_div_sf.o)
                                0x1c8 (size before relaxing)
 .debug_str     0x00000268        0x8 d:/amit_course/masters/drive/sdk_win_64/winavr/bin/../lib/gcc/avr/4.3.3/avr5\libgcc.a(_eq_sf.o)
                                0x195 (size before relaxing)
 .debug_str     0x00000270        0x8 d:/amit_course/masters/drive/sdk_win_64/winavr/bin/../lib/gcc/avr/4.3.3/avr5\libgcc.a(_ne_sf.o)
                                0x195 (size before relaxing)
 .debug_str     0x00000278        0x8 d:/amit_course/masters/drive/sdk_win_64/winavr/bin/../lib/gcc/avr/4.3.3/avr5\libgcc.a(_gt_sf.o)
                                0x195 (size before relaxing)
 .debug_str     0x00000280        0x8 d:/amit_course/masters/drive/sdk_win_64/winavr/bin/../lib/gcc/avr/4.3.3/avr5\libgcc.a(_ge_sf.o)
                                0x195 (size before relaxing)
 .debug_str     0x00000288        0x8 d:/amit_course/masters/drive/sdk_win_64/winavr/bin/../lib/gcc/avr/4.3.3/avr5\libgcc.a(_lt_sf.o)
                                0x195 (size before relaxing)
 .debug_str     0x00000290        0x8 d:/amit_course/masters/drive/sdk_win_64/winavr/bin/../lib/gcc/avr/4.3.3/avr5\libgcc.a(_le_sf.o)
                                0x195 (size before relaxing)
 .debug_str     0x00000298       0x1e d:/amit_course/masters/drive/sdk_win_64/winavr/bin/../lib/gcc/avr/4.3.3/avr5\libgcc.a(_si_to_sf.o)
                                0x17b (size before relaxing)
 .debug_str     0x000002b6        0xa d:/amit_course/masters/drive/sdk_win_64/winavr/bin/../lib/gcc/avr/4.3.3/avr5\libgcc.a(_sf_to_si.o)
                                0x19e (size before relaxing)
 .debug_str     0x00000000      0x103 d:/amit_course/masters/drive/sdk_win_64/winavr/bin/../lib/gcc/avr/4.3.3/avr5\libgcc.a(_thenan_sf.o)
 .debug_str     0x000002c0       0x14 d:/amit_course/masters/drive/sdk_win_64/winavr/bin/../lib/gcc/avr/4.3.3/avr5\libgcc.a(_usi_to_sf.o)
                                0x177 (size before relaxing)
 .debug_str     0x000002d4       0x20 d:/amit_course/masters/drive/sdk_win_64/winavr/bin/../lib/gcc/avr/4.3.3/avr5\libgcc.a(_clzsi2.o)
                                0x111 (size before relaxing)
 .debug_str     0x000002f4       0x10 d:/amit_course/masters/drive/sdk_win_64/winavr/bin/../lib/gcc/avr/4.3.3/avr5\libgcc.a(_pack_sf.o)
                                0x19d (size before relaxing)
 .debug_str     0x00000304        0xb d:/amit_course/masters/drive/sdk_win_64/winavr/bin/../lib/gcc/avr/4.3.3/avr5\libgcc.a(_unpack_sf.o)
                                0x17f (size before relaxing)
 .debug_str     0x0000030f       0x10 d:/amit_course/masters/drive/sdk_win_64/winavr/bin/../lib/gcc/avr/4.3.3/avr5\libgcc.a(_fpcmp_parts_sf.o)
                                0x163 (size before relaxing)
 .debug_str     0x00000000       0xf4 d:/amit_course/masters/drive/sdk_win_64/winavr/bin/../lib/gcc/avr/4.3.3/avr5\libgcc.a(_clz.o)

.debug_loc      0x00000000      0xace
 *(.debug_loc)
 .debug_loc     0x00000000       0x34 d:/amit_course/masters/drive/sdk_win_64/winavr/bin/../lib/gcc/avr/4.3.3/avr5\libgcc.a(_fixunssfsi.o)
 .debug_loc     0x00000034      0x32a d:/amit_course/masters/drive/sdk_win_64/winavr/bin/../lib/gcc/avr/4.3.3/avr5\libgcc.a(_addsub_sf.o)
 .debug_loc     0x0000035e      0x104 d:/amit_course/masters/drive/sdk_win_64/winavr/bin/../lib/gcc/avr/4.3.3/avr5\libgcc.a(_mul_sf.o)
 .debug_loc     0x00000462       0xc0 d:/amit_course/masters/drive/sdk_win_64/winavr/bin/../lib/gcc/avr/4.3.3/avr5\libgcc.a(_div_sf.o)
 .debug_loc     0x00000522       0x3c d:/amit_course/masters/drive/sdk_win_64/winavr/bin/../lib/gcc/avr/4.3.3/avr5\libgcc.a(_eq_sf.o)
 .debug_loc     0x0000055e       0x3c d:/amit_course/masters/drive/sdk_win_64/winavr/bin/../lib/gcc/avr/4.3.3/avr5\libgcc.a(_ne_sf.o)
 .debug_loc     0x0000059a       0x3c d:/amit_course/masters/drive/sdk_win_64/winavr/bin/../lib/gcc/avr/4.3.3/avr5\libgcc.a(_gt_sf.o)
 .debug_loc     0x000005d6       0x3c d:/amit_course/masters/drive/sdk_win_64/winavr/bin/../lib/gcc/avr/4.3.3/avr5\libgcc.a(_ge_sf.o)
 .debug_loc     0x00000612       0x3c d:/amit_course/masters/drive/sdk_win_64/winavr/bin/../lib/gcc/avr/4.3.3/avr5\libgcc.a(_lt_sf.o)
 .debug_loc     0x0000064e       0x3c d:/amit_course/masters/drive/sdk_win_64/winavr/bin/../lib/gcc/avr/4.3.3/avr5\libgcc.a(_le_sf.o)
 .debug_loc     0x0000068a       0xac d:/amit_course/masters/drive/sdk_win_64/winavr/bin/../lib/gcc/avr/4.3.3/avr5\libgcc.a(_si_to_sf.o)
 .debug_loc     0x00000736       0x7e d:/amit_course/masters/drive/sdk_win_64/winavr/bin/../lib/gcc/avr/4.3.3/avr5\libgcc.a(_sf_to_si.o)
 .debug_loc     0x000007b4       0x4c d:/amit_course/masters/drive/sdk_win_64/winavr/bin/../lib/gcc/avr/4.3.3/avr5\libgcc.a(_usi_to_sf.o)
 .debug_loc     0x00000800       0x94 d:/amit_course/masters/drive/sdk_win_64/winavr/bin/../lib/gcc/avr/4.3.3/avr5\libgcc.a(_clzsi2.o)
 .debug_loc     0x00000894      0x13e d:/amit_course/masters/drive/sdk_win_64/winavr/bin/../lib/gcc/avr/4.3.3/avr5\libgcc.a(_pack_sf.o)
 .debug_loc     0x000009d2       0xac d:/amit_course/masters/drive/sdk_win_64/winavr/bin/../lib/gcc/avr/4.3.3/avr5\libgcc.a(_unpack_sf.o)
 .debug_loc     0x00000a7e       0x50 d:/amit_course/masters/drive/sdk_win_64/winavr/bin/../lib/gcc/avr/4.3.3/avr5\libgcc.a(_fpcmp_parts_sf.o)

.debug_macinfo
 *(.debug_macinfo)
OUTPUT(Electric_Water_Heater.elf elf32-avr)
LOAD linker stubs

.debug_ranges   0x00000000       0x50
 .debug_ranges  0x00000000       0x50 d:/amit_course/masters/drive/sdk_win_64/winavr/bin/../lib/gcc/avr/4.3.3/avr5\libgcc.a(_mul_sf.o)
